ProjectBindingRegistry:
  ProjectStepDefinitionBinding-0:
    IsValid:`True`
    Error:``
    StepDefinitionType:`When`
    SpecifiedExpression:`I press add`
    Regex:`^I press add$`
    Scope:``
    Implementation:
      Method:`Feature1StepDefinitions.WhenIPressAdd`
      ParameterTypes:`System.String[]`
      SourceLocation:
        SourceFile:`C:\git\SpecFlow.VS\Tests\SpecFlow.VisualStudio.Tests\Discovery\../ApprovalTestData\ReprocessStepDefinitionFileTests.Approval.IPressAdd.cs`
        SourceFileColumn:`2`
        SourceFileEndColumn:`4`
        SourceFileEndLine:`3`
        SourceLocationSpan:``
        SourceFileLine:`1`
    Expression:`I press add`
